Hello world (from `sb_rs_port/main.rs`)!
Goodbye world, end: 103!
