Hello world (from `sb_rs_port/main.rs`)!
BorrowMut is 4b430000
Goodbye world, end: 103!
