Hello world (from `rs_hello/src/lib.rs`)!
kc_main.c: dispatching code 4b430000
lib.rs: handle client request BORROW_MUT 0x1ffefff88f
kc_main.c: dispatching code 4b430000
lib.rs: handle client request BORROW_MUT 0x1ffefff88f
ALERT no stack for address 0x1ffefff7f0 even though we are accessing it via pointer with tag 2
