lib.rs: normalizing output...
Hello world (from `rs_hello/src/lib.rs`)!
kc_main.c: dispatching code 4b43000a
print_stack_of `l` (0x10000000), no stack found
kc_main.c: dispatching code 4b430000
lib.rs: handle client request BORROW_MUT. borrowing_addr: 0x10000000
kc_main.c: dispatching code 4b43000a
print_stack_of `l` (0x10000000): [Unique(1)]
kc_main.c: dispatching code 4b430000
lib.rs: handle client request BORROW_MUT. borrowing_addr: 0x10000000
kc_main.c: dispatching code 4b430009
print_tag_of `arg1` (0x10000000): Id(2)
kc_main.c: dispatching code 4b43000a
print_stack_of `l` (0x10000000): [Unique(1), Unique(2)]
kc_main.c: dispatching code 4b430000
lib.rs: handle client request BORROW_MUT. borrowing_addr: 0x10000000
kc_main.c: dispatching code 4b430009
print_tag_of `arg2` (0x10000000): Id(3)
kc_main.c: dispatching code 4b43000a
print_stack_of `l` (0x10000000): [Unique(1), Unique(2), Unique(3)]
kc_main.c: dispatching code 4b43000a
print_stack_of `l` (0x10000000): [Unique(1), Unique(2), Unique(3)]
ALERT could not find tag in stack for address 0x10000000 even though we are accessing it via pointer with tag Id(3)
ALERT could not find tag in stack for address 0x10000000 even though we are accessing it via pointer with tag Id(2)
